// Jest Snapshot v1, https://goo.gl/fbAQLP

exports[`Container should render a container div 1`] = `
<div
  className="Container__ContainerDiv-sc-12ylvnx-0 dIJERq"
>
  <span>
    Subcomponent
  </span>
</div>
`;
