// Jest Snapshot v1, https://goo.gl/fbAQLP

exports[`TitleLarge should render a subtitle 1`] = `
<h4
  className="TitleSmall__SubTitleComponent-sc-117996l-0 fwvaER"
>
  This is a SubTitle
</h4>
`;
