// Jest Snapshot v1, https://goo.gl/fbAQLP

exports[`Button should render a button 1`] = `
<button
  className="Button__ActionButton-sc-1efou2l-0 blcmaT"
  disabled={false}
  onClick={[MockFunction]}
>
  Button
</button>
`;
