// Jest Snapshot v1, https://goo.gl/fbAQLP

exports[`HeadingSmall should render a title 1`] = `
<h2
  className="HeadingSmall__TitleComponent-sc-2082d2-0 hvNLhQ"
>
  This is a title
</h2>
`;
