// Jest Snapshot v1, https://goo.gl/fbAQLP

exports[`BodyLarge should render a text 1`] = `
<p
  className="BodySmall__ParagraphComponent-qab5dc-0 kkJvcZ"
>
  This is a text
</p>
`;
