// Jest Snapshot v1, https://goo.gl/fbAQLP

exports[`Row should render a row div 1`] = `
<div
  className="sc-bdVaJa ldQJtT"
>
  <span>
    Subcomponent
  </span>
</div>
`;
