// Jest Snapshot v1, https://goo.gl/fbAQLP

exports[`TitleLarge should render a subtitle 1`] = `
<h4
  className="TitleMedium__SubTitleComponent-sc-105k1zd-0 hLEnuP"
>
  This is a SubTitle
</h4>
`;
