// Jest Snapshot v1, https://goo.gl/fbAQLP

exports[`TitleLarge should render a subtitle 1`] = `
<h3
  className="sc-bdVaJa snXBH"
>
  This is a SubTitle
</h3>
`;
