// Jest Snapshot v1, https://goo.gl/fbAQLP

exports[`BodyLarge should render a text 1`] = `
<p
  className="BodyLarge__ParagraphComponent-sc-170j3r0-0 cmcVlQ"
>
  This is a text
</p>
`;
